Copying file 1/1.css
Copying file 1/1.html
Copying file 1/2/2.css (on --no-instrument list)
Copying file 1/2/2.html (on --no-instrument list)
Copying file 1/2/2.js (on --no-instrument list)
Copying file image.png
Copying file index.html
Copying file script.js (on --no-instrument list)
Copying file style.css
Copying file unix.txt
Copying file windows.txt
Copying file x
Instrumenting file 1/1.js
