Copying file 1/1.css
Copying file 1/1.html
Copying file 1/2/2.css
Copying file 1/2/2.html
Copying file image.png
Copying file index.html
Copying file style.css
Copying file unix.txt
Copying file windows.txt
Copying file x
Instrumenting file 1/1.js
Instrumenting file 1/2/2.js
Instrumenting file script.js
